I'm sorry, but errors were detected in your script. Please correct the
errors listed below, and try again.


File "game/chapter-3.rpy", line 550: expected statement.
    =======
          ^

Ren'Py Version: Ren'Py 7.4.2.1292
Tue Apr 27 17:44:50 2021
